Traceback (most recent call last):
  File "/Users/hiroshimurata//tc_analyze/3d/streamplot_whole_domain.py", line 70, in <module>
    Parallel(n_jobs=config.n_jobs)(
  File "/opt/homebrew/Caskroom/miniforge/base/envs/dev/lib/python3.12/site-packages/joblib/parallel.py", line 1986, in __call__
    return output if self.return_generator else list(output)
                                                ^^^^^^^^^^^^
  File "/opt/homebrew/Caskroom/miniforge/base/envs/dev/lib/python3.12/site-packages/joblib/parallel.py", line 1914, in _get_sequential_output
    res = func(*args, **kwargs)
          ^^^^^^^^^^^^^^^^^^^^^
  File "/Users/hiroshimurata//tc_analyze/3d/streamplot_whole_domain.py", line 64, in process_t
    os.path.join(OUTPUT_DIR, f"z{str(z).zfill(2)}", f"t{str(t).zfill(3)}.png")
                 ^^^^^^^^^^
NameError: name 'OUTPUT_DIR' is not defined
Traceback (most recent call last):
  File "/Users/hiroshimurata//tc_analyze/3d/whole_domain_wind_uv_abs_plot.py", line 74, in <module>
    Parallel(n_jobs=config.n_jobs)(
  File "/opt/homebrew/Caskroom/miniforge/base/envs/dev/lib/python3.12/site-packages/joblib/parallel.py", line 1986, in __call__
    return output if self.return_generator else list(output)
                                                ^^^^^^^^^^^^
  File "/opt/homebrew/Caskroom/miniforge/base/envs/dev/lib/python3.12/site-packages/joblib/parallel.py", line 1914, in _get_sequential_output
    res = func(*args, **kwargs)
          ^^^^^^^^^^^^^^^^^^^^^
  File "/Users/hiroshimurata//tc_analyze/3d/whole_domain_wind_uv_abs_plot.py", line 68, in process_t
    fig.savefig(
  File "/opt/homebrew/Caskroom/miniforge/base/envs/dev/lib/python3.12/site-packages/matplotlib/figure.py", line 3490, in savefig
    self.canvas.print_figure(fname, **kwargs)
  File "/opt/homebrew/Caskroom/miniforge/base/envs/dev/lib/python3.12/site-packages/matplotlib/backend_bases.py", line 2186, in print_figure
    result = print_method(
             ^^^^^^^^^^^^^
  File "/opt/homebrew/Caskroom/miniforge/base/envs/dev/lib/python3.12/site-packages/matplotlib/backend_bases.py", line 2042, in <lambda>
    print_method = functools.wraps(meth)(lambda *args, **kwargs: meth(
                                                                 ^^^^^
  File "/opt/homebrew/Caskroom/miniforge/base/envs/dev/lib/python3.12/site-packages/matplotlib/backends/backend_agg.py", line 481, in print_png
    self._print_pil(filename_or_obj, "png", pil_kwargs, metadata)
  File "/opt/homebrew/Caskroom/miniforge/base/envs/dev/lib/python3.12/site-packages/matplotlib/backends/backend_agg.py", line 430, in _print_pil
    mpl.image.imsave(
  File "/opt/homebrew/Caskroom/miniforge/base/envs/dev/lib/python3.12/site-packages/matplotlib/image.py", line 1657, in imsave
    image.save(fname, **pil_kwargs)
  File "/opt/homebrew/Caskroom/miniforge/base/envs/dev/lib/python3.12/site-packages/PIL/Image.py", line 2566, in save
    fp = builtins.open(filename, "w+b")
         ^^^^^^^^^^^^^^^^^^^^^^^^^^^^^^
FileNotFoundError: [Errno 2] No such file or directory: './fig/3d/whole_domain/wind_uv_absz00/t000.png'
/Users/hiroshimurata//tc_analyze/2d/y_ave.py:17: MatplotlibDeprecationWarning: The get_cmap function was deprecated in Matplotlib 3.7 and will be removed in 3.11. Use ``matplotlib.colormaps[name]`` or ``matplotlib.colormaps.get_cmap()`` or ``pyplot.get_cmap()`` instead.
  original_cmap = plt.cm.get_cmap('rainbow')
/Users/hiroshimurata//tc_analyze/2d/ss_wind10m_abs_whole_domain.py:17: MatplotlibDeprecationWarning: The get_cmap function was deprecated in Matplotlib 3.7 and will be removed in 3.11. Use ``matplotlib.colormaps[name]`` or ``matplotlib.colormaps.get_cmap()`` or ``pyplot.get_cmap()`` instead.
  original_cmap = plt.cm.get_cmap('rainbow')
/Users/hiroshimurata//tc_analyze/2d/ss_wind10m_abs_whole_domain.py:34: RuntimeWarning: overflow encountered in square
  data_abs = np.sqrt(ss_v10m**2 + ss_u10m**2)
/Users/hiroshimurata//tc_analyze/2d/ss_wind10m_max_calc.py:21: RuntimeWarning: overflow encountered in square
  data_abs = np.sqrt(ss_v10m**2 + ss_u10m**2)
/Users/hiroshimurata//tc_analyze/2d/ss_wind10m_tangential_plot.py:17: MatplotlibDeprecationWarning: The get_cmap function was deprecated in Matplotlib 3.7 and will be removed in 3.11. Use ``matplotlib.colormaps[name]`` or ``matplotlib.colormaps.get_cmap()`` or ``pyplot.get_cmap()`` instead.
  original_cmap = plt.cm.get_cmap('rainbow')
/Users/hiroshimurata//tc_analyze/2d/ss_wind10m_radial_plot.py:21: MatplotlibDeprecationWarning: The get_cmap function was deprecated in Matplotlib 3.7 and will be removed in 3.11. Use ``matplotlib.colormaps[name]`` or ``matplotlib.colormaps.get_cmap()`` or ``pyplot.get_cmap()`` instead.
  original_cmap = plt.cm.get_cmap('rainbow')
Traceback (most recent call last):
  File "/opt/homebrew/Caskroom/miniforge/base/envs/dev/lib/python3.12/site-packages/matplotlib/axes/_axes.py", line 4761, in _parse_scatter_color_args
    colors = mcolors.to_rgba_array(c)
             ^^^^^^^^^^^^^^^^^^^^^^^^
  File "/opt/homebrew/Caskroom/miniforge/base/envs/dev/lib/python3.12/site-packages/matplotlib/colors.py", line 515, in to_rgba_array
    rgba = np.array([to_rgba(cc) for cc in c])
                     ^^^^^^^^^^^
  File "/opt/homebrew/Caskroom/miniforge/base/envs/dev/lib/python3.12/site-packages/matplotlib/colors.py", line 317, in to_rgba
    rgba = _to_rgba_no_colorcycle(c, alpha)
           ^^^^^^^^^^^^^^^^^^^^^^^^^^^^^^^^
  File "/opt/homebrew/Caskroom/miniforge/base/envs/dev/lib/python3.12/site-packages/matplotlib/colors.py", line 401, in _to_rgba_no_colorcycle
    raise ValueError(f"Invalid RGBA argument: {orig_c!r}")
ValueError: Invalid RGBA argument: np.float64(0.0)

The above exception was the direct cause of the following exception:

Traceback (most recent call last):
  File "/Users/hiroshimurata//tc_analyze/center/ss_slp_center_plot.py", line 30, in <module>
    sc = ax.scatter(
         ^^^^^^^^^^^
  File "/opt/homebrew/Caskroom/miniforge/base/envs/dev/lib/python3.12/site-packages/matplotlib/_api/deprecation.py", line 453, in wrapper
    return func(*args, **kwargs)
           ^^^^^^^^^^^^^^^^^^^^^
  File "/opt/homebrew/Caskroom/miniforge/base/envs/dev/lib/python3.12/site-packages/matplotlib/__init__.py", line 1524, in inner
    return func(
           ^^^^^
  File "/opt/homebrew/Caskroom/miniforge/base/envs/dev/lib/python3.12/site-packages/matplotlib/axes/_axes.py", line 4954, in scatter
    self._parse_scatter_color_args(
  File "/opt/homebrew/Caskroom/miniforge/base/envs/dev/lib/python3.12/site-packages/matplotlib/axes/_axes.py", line 4767, in _parse_scatter_color_args
    raise invalid_shape_exception(c.size, xsize) from err
ValueError: 'c' argument has 5 elements, which is inconsistent with 'x' and 'y' with size 6.
/Users/hiroshimurata//tc_analyze/2d/whole_domain_with_center_plot.py:19: MatplotlibDeprecationWarning: The get_cmap function was deprecated in Matplotlib 3.7 and will be removed in 3.11. Use ``matplotlib.colormaps[name]`` or ``matplotlib.colormaps.get_cmap()`` or ``pyplot.get_cmap()`` instead.
  original_cmap = plt.cm.get_cmap('rainbow')
Traceback (most recent call last):
  File "/Users/hiroshimurata//tc_analyze/3d/vortex_region_r250.py", line 131, in <module>
    Parallel(n_jobs=config.n_jobs)(
  File "/opt/homebrew/Caskroom/miniforge/base/envs/dev/lib/python3.12/site-packages/joblib/parallel.py", line 1986, in __call__
    return output if self.return_generator else list(output)
                                                ^^^^^^^^^^^^
  File "/opt/homebrew/Caskroom/miniforge/base/envs/dev/lib/python3.12/site-packages/joblib/parallel.py", line 1914, in _get_sequential_output
    res = func(*args, **kwargs)
          ^^^^^^^^^^^^^^^^^^^^^
  File "/Users/hiroshimurata//tc_analyze/3d/vortex_region_r250.py", line 125, in process_t
    fig.savefig(
  File "/opt/homebrew/Caskroom/miniforge/base/envs/dev/lib/python3.12/site-packages/matplotlib/figure.py", line 3490, in savefig
    self.canvas.print_figure(fname, **kwargs)
  File "/opt/homebrew/Caskroom/miniforge/base/envs/dev/lib/python3.12/site-packages/matplotlib/backend_bases.py", line 2186, in print_figure
    result = print_method(
             ^^^^^^^^^^^^^
  File "/opt/homebrew/Caskroom/miniforge/base/envs/dev/lib/python3.12/site-packages/matplotlib/backend_bases.py", line 2042, in <lambda>
    print_method = functools.wraps(meth)(lambda *args, **kwargs: meth(
                                                                 ^^^^^
  File "/opt/homebrew/Caskroom/miniforge/base/envs/dev/lib/python3.12/site-packages/matplotlib/backends/backend_agg.py", line 481, in print_png
    self._print_pil(filename_or_obj, "png", pil_kwargs, metadata)
  File "/opt/homebrew/Caskroom/miniforge/base/envs/dev/lib/python3.12/site-packages/matplotlib/backends/backend_agg.py", line 430, in _print_pil
    mpl.image.imsave(
  File "/opt/homebrew/Caskroom/miniforge/base/envs/dev/lib/python3.12/site-packages/matplotlib/image.py", line 1657, in imsave
    image.save(fname, **pil_kwargs)
  File "/opt/homebrew/Caskroom/miniforge/base/envs/dev/lib/python3.12/site-packages/PIL/Image.py", line 2566, in save
    fp = builtins.open(filename, "w+b")
         ^^^^^^^^^^^^^^^^^^^^^^^^^^^^^^
FileNotFoundError: [Errno 2] No such file or directory: './fig/3d/vortex_region_r250/ms_dhz00/t000.png'
Traceback (most recent call last):
  File "/Users/hiroshimurata//tc_analyze/3d/vortex_region_wind_uv_abs_plot.py", line 105, in <module>
    Parallel(n_jobs=config.n_jobs)(
  File "/opt/homebrew/Caskroom/miniforge/base/envs/dev/lib/python3.12/site-packages/joblib/parallel.py", line 1986, in __call__
    return output if self.return_generator else list(output)
                                                ^^^^^^^^^^^^
  File "/opt/homebrew/Caskroom/miniforge/base/envs/dev/lib/python3.12/site-packages/joblib/parallel.py", line 1914, in _get_sequential_output
    res = func(*args, **kwargs)
          ^^^^^^^^^^^^^^^^^^^^^
  File "/Users/hiroshimurata//tc_analyze/3d/vortex_region_wind_uv_abs_plot.py", line 99, in process_t
    fig.savefig(
  File "/opt/homebrew/Caskroom/miniforge/base/envs/dev/lib/python3.12/site-packages/matplotlib/figure.py", line 3490, in savefig
    self.canvas.print_figure(fname, **kwargs)
  File "/opt/homebrew/Caskroom/miniforge/base/envs/dev/lib/python3.12/site-packages/matplotlib/backend_bases.py", line 2186, in print_figure
    result = print_method(
             ^^^^^^^^^^^^^
  File "/opt/homebrew/Caskroom/miniforge/base/envs/dev/lib/python3.12/site-packages/matplotlib/backend_bases.py", line 2042, in <lambda>
    print_method = functools.wraps(meth)(lambda *args, **kwargs: meth(
                                                                 ^^^^^
  File "/opt/homebrew/Caskroom/miniforge/base/envs/dev/lib/python3.12/site-packages/matplotlib/backends/backend_agg.py", line 481, in print_png
    self._print_pil(filename_or_obj, "png", pil_kwargs, metadata)
  File "/opt/homebrew/Caskroom/miniforge/base/envs/dev/lib/python3.12/site-packages/matplotlib/backends/backend_agg.py", line 430, in _print_pil
    mpl.image.imsave(
  File "/opt/homebrew/Caskroom/miniforge/base/envs/dev/lib/python3.12/site-packages/matplotlib/image.py", line 1657, in imsave
    image.save(fname, **pil_kwargs)
  File "/opt/homebrew/Caskroom/miniforge/base/envs/dev/lib/python3.12/site-packages/PIL/Image.py", line 2566, in save
    fp = builtins.open(filename, "w+b")
         ^^^^^^^^^^^^^^^^^^^^^^^^^^^^^^
FileNotFoundError: [Errno 2] No such file or directory: './fig/3d/vortex_region/wind_uv_absz00/t000.png'
/Users/hiroshimurata//tc_analyze/2d/vortex_region.py:18: MatplotlibDeprecationWarning: The get_cmap function was deprecated in Matplotlib 3.7 and will be removed in 3.11. Use ``matplotlib.colormaps[name]`` or ``matplotlib.colormaps.get_cmap()`` or ``pyplot.get_cmap()`` instead.
  original_cmap = plt.cm.get_cmap('rainbow')
/Users/hiroshimurata//tc_analyze/2d/ss_wind10m_abs_vortex_region.py:17: MatplotlibDeprecationWarning: The get_cmap function was deprecated in Matplotlib 3.7 and will be removed in 3.11. Use ``matplotlib.colormaps[name]`` or ``matplotlib.colormaps.get_cmap()`` or ``pyplot.get_cmap()`` instead.
  original_cmap = plt.cm.get_cmap('rainbow')
/Users/hiroshimurata//tc_analyze/2d/ss_wind10m_abs_vortex_region.py:42: RuntimeWarning: overflow encountered in square
  data_abs = np.sqrt(ss_v10m**2 + ss_u10m**2)
[Parallel(n_jobs=1)]: Done   6 out of   6 | elapsed:    0.0s finished
Traceback (most recent call last):
  File "/Users/hiroshimurata//tc_analyze/azim_mean/azim_2d_plot.py", line 37, in <module>
    Parallel(n_jobs=config.n_jobs)(
  File "/opt/homebrew/Caskroom/miniforge/base/envs/dev/lib/python3.12/site-packages/joblib/parallel.py", line 1986, in __call__
    return output if self.return_generator else list(output)
                                                ^^^^^^^^^^^^
  File "/opt/homebrew/Caskroom/miniforge/base/envs/dev/lib/python3.12/site-packages/joblib/parallel.py", line 1914, in _get_sequential_output
    res = func(*args, **kwargs)
          ^^^^^^^^^^^^^^^^^^^^^
  File "/Users/hiroshimurata//tc_analyze/azim_mean/azim_2d_plot.py", line 25, in process_t
    data = np.load(f"{config.get_data_path('azim', '{varname}')}/t{str(t).zfill(3)}.npy")
           ^^^^^^^^^^^^^^^^^^^^^^^^^^^^^^^^^^^^^^^^^^^^^^^^^^^^^^^^^^^^^^^^^^^^^^^^^^^^^^
  File "/opt/homebrew/Caskroom/miniforge/base/envs/dev/lib/python3.12/site-packages/numpy/lib/_npyio_impl.py", line 454, in load
    fid = stack.enter_context(open(os.fspath(file), "rb"))
                              ^^^^^^^^^^^^^^^^^^^^^^^^^^^
FileNotFoundError: [Errno 2] No such file or directory: './data/azim/{varname}/t000.npy'
Traceback (most recent call last):
  File "/Users/hiroshimurata//tc_analyze/azim_mean/azim_3d_plot.py", line 89, in <module>
    Parallel(n_jobs=config.n_jobs)(
  File "/opt/homebrew/Caskroom/miniforge/base/envs/dev/lib/python3.12/site-packages/joblib/parallel.py", line 1986, in __call__
    return output if self.return_generator else list(output)
                                                ^^^^^^^^^^^^
  File "/opt/homebrew/Caskroom/miniforge/base/envs/dev/lib/python3.12/site-packages/joblib/parallel.py", line 1914, in _get_sequential_output
    res = func(*args, **kwargs)
          ^^^^^^^^^^^^^^^^^^^^^
  File "/Users/hiroshimurata//tc_analyze/azim_mean/azim_3d_plot.py", line 28, in process_t
    data = np.load(f"{config.get_data_path('azim', '{varname}')}/t{str(t).zfill(3)}.npy")
           ^^^^^^^^^^^^^^^^^^^^^^^^^^^^^^^^^^^^^^^^^^^^^^^^^^^^^^^^^^^^^^^^^^^^^^^^^^^^^^
  File "/opt/homebrew/Caskroom/miniforge/base/envs/dev/lib/python3.12/site-packages/numpy/lib/_npyio_impl.py", line 454, in load
    fid = stack.enter_context(open(os.fspath(file), "rb"))
                              ^^^^^^^^^^^^^^^^^^^^^^^^^^^
FileNotFoundError: [Errno 2] No such file or directory: './data/azim/{varname}/t000.npy'
Traceback (most recent call last):
  File "/Users/hiroshimurata//tc_analyze/azim_mean/azim_stream_max_plot.py", line 28, in <module>
    plt.plot(config.time_list, max_phi)
  File "/opt/homebrew/Caskroom/miniforge/base/envs/dev/lib/python3.12/site-packages/matplotlib/pyplot.py", line 3838, in plot
    return gca().plot(
           ^^^^^^^^^^^
  File "/opt/homebrew/Caskroom/miniforge/base/envs/dev/lib/python3.12/site-packages/matplotlib/axes/_axes.py", line 1777, in plot
    lines = [*self._get_lines(self, *args, data=data, **kwargs)]
            ^^^^^^^^^^^^^^^^^^^^^^^^^^^^^^^^^^^^^^^^^^^^^^^^^^^^
  File "/opt/homebrew/Caskroom/miniforge/base/envs/dev/lib/python3.12/site-packages/matplotlib/axes/_base.py", line 297, in __call__
    yield from self._plot_args(
               ^^^^^^^^^^^^^^^^
  File "/opt/homebrew/Caskroom/miniforge/base/envs/dev/lib/python3.12/site-packages/matplotlib/axes/_base.py", line 494, in _plot_args
    raise ValueError(f"x and y must have same first dimension, but "
ValueError: x and y must have same first dimension, but have shapes (6,) and (5,)
Traceback (most recent call last):
  File "/Users/hiroshimurata//tc_analyze/sums/sums_plot.py", line 24, in <module>
    plt.plot(config.time_list[1:], data[1:] * 1e-2)
  File "/opt/homebrew/Caskroom/miniforge/base/envs/dev/lib/python3.12/site-packages/matplotlib/pyplot.py", line 3838, in plot
    return gca().plot(
           ^^^^^^^^^^^
  File "/opt/homebrew/Caskroom/miniforge/base/envs/dev/lib/python3.12/site-packages/matplotlib/axes/_axes.py", line 1777, in plot
    lines = [*self._get_lines(self, *args, data=data, **kwargs)]
            ^^^^^^^^^^^^^^^^^^^^^^^^^^^^^^^^^^^^^^^^^^^^^^^^^^^^
  File "/opt/homebrew/Caskroom/miniforge/base/envs/dev/lib/python3.12/site-packages/matplotlib/axes/_base.py", line 297, in __call__
    yield from self._plot_args(
               ^^^^^^^^^^^^^^^^
  File "/opt/homebrew/Caskroom/miniforge/base/envs/dev/lib/python3.12/site-packages/matplotlib/axes/_base.py", line 494, in _plot_args
    raise ValueError(f"x and y must have same first dimension, but "
ValueError: x and y must have same first dimension, but have shapes (5,) and (4,)
